{
  "Header": {
    "Accept-Ranges": [
      "bytes"
    ],
    "Alt-Svc": [
      "quic=\":443\"; ma=2592000; v=\"46,43\",h3-Q048=\":443\"; ma=2592000,h3-Q046=\":443\"; ma=2592000,h3-Q043=\":443\"; ma=2592000"
    ],
    "Cache-Control": [
      "private, max-age=0"
    ],
    "Content-Length": [
      "24"
    ],
    "Content-Type": [
      "text/plain; charset=utf-8"
    ],
    "Date": [
      "Thu, 03 Oct 2019 10:58:24 GMT"
    ],
    "Etag": [
      "\"ddfbf45571e39379c2737ce754dadc47\""
    ],
    "Expires": [
      "Thu, 03 Oct 2019 10:58:24 GMT"
    ],
    "Last-Modified": [
      "Thu, 03 Oct 2019 08:26:55 GMT"
    ],
    "Server": [
      "UploadServer"
    ],
    "X-Goog-Generation": [
      "1570091215037603"
    ],
    "X-Goog-Hash": [
      "crc32c=vOMu5Q==",
      "md5=3fv0VXHjk3nCc3znVNrcRw=="
    ],
    "X-Goog-Metageneration": [
      "1"
    ],
    "X-Goog-Storage-Class": [
      "STANDARD"
    ],
    "X-Goog-Stored-Content-Encoding": [
      "identity"
    ],
    "X-Goog-Stored-Content-Length": [
      "24"
    ],
    "X-Guploader-Uploadid": [
      "AEnB2Uq4cBqIVj8_FFjtDJu02CR_AIxEcxD2Mx93l2XFaVRFTq-kjHJt_yCEu5KM5WQQvIxAEFOlK0dkI91DjHYZRuBO9Fix3A"
    ]
  },
  "Body": "eyJtZXNzYWdlIjoiaGVsbG8gZmFrZSJ9"
}