{"Header":{"Accept-Ranges":["bytes"],"Age":["880"],"Alt-Svc":["quic=\":443\"; ma=2592000; v=\"46,43\",h3-Q046=\":443\"; ma=2592000,h3-Q043=\":443\"; ma=2592000"],"Cache-Control":["public, max-age=3600"],"Content-Length":["25"],"Content-Type":["text/plain"],"Date":["Tue, 01 Oct 2019 08:22:09 GMT"],"Etag":["\"c4d22707e0d79bd01e33fe19a5e21487\""],"Expires":["Tue, 01 Oct 2019 09:22:09 GMT"],"Last-Modified":["Mon, 30 Sep 2019 10:01:47 GMT"],"Server":["UploadServer"],"X-Goog-Generation":["1569837707444808"],"X-Goog-Hash":["crc32c=CrEDEg==","md5=xNInB+DXm9AeM/4ZpeIUhw=="],"X-Goog-Metageneration":["2"],"X-Goog-Storage-Class":["REGIONAL"],"X-Goog-Stored-Content-Encoding":["identity"],"X-Goog-Stored-Content-Length":["25"],"X-Guploader-Uploadid":["AEnB2UrQlNXqw1af6VvC7pyuv_G4nRdd4vcE6OSBXE6RgCgQjRnnObBUr_ruwtOEmOj_jWfcvEiN1ybAaPALRCld7sUcd3cQDQ"]},"Body":"eyJtZXNzYWdlIjogIkhlbGxvIEhvZ2UifQ=="}