{
  "log": {
    "version": "1.2",
    "creator": {
      "name": "github.com/vvakame/go-harlog",
      "version": "0.0.1"
    },
    "entries": [
      {
        "startedDateTime": "2020-04-16T15:57:49+09:00",
        "time": 668.299236,
        "request": {
          "method": "GET",
          "url": "https://storage.googleapis.com/sinmetal-ci-fake/hoge.txt",
          "httpVersion": "HTTP/1.1",
          "cookies": [],
          "headers": [],
          "queryString": [],
          "headersSize": -1,
          "bodySize": -1
        },
        "response": {
          "status": 200,
          "statusText": "",
          "httpVersion": "HTTP/2.0",
          "cookies": [],
          "headers": [
            {
              "name": "X-Goog-Generation",
              "value": "1570091215037603"
            },
            {
              "name": "X-Goog-Metageneration",
              "value": "1"
            },
            {
              "name": "Cache-Control",
              "value": "private, max-age=0"
            },
            {
              "name": "Etag",
              "value": "\"ddfbf45571e39379c2737ce754dadc47\""
            },
            {
              "name": "X-Goog-Stored-Content-Length",
              "value": "24"
            },
            {
              "name": "Content-Type",
              "value": "text/plain; charset=utf-8"
            },
            {
              "name": "X-Guploader-Uploadid",
              "value": "AEnB2Ur4NyAr85j9OXlpMUW2bsOYGlcEAlSi39fRPCtITBvOE_G3Y8wkIzt7KqIQa88Yf-0g5q-FkudovZ5WSYPTGubENflP1A"
            },
            {
              "name": "Expires",
              "value": "Thu, 16 Apr 2020 06:57:50 GMT"
            },
            {
              "name": "Accept-Ranges",
              "value": "bytes"
            },
            {
              "name": "Server",
              "value": "UploadServer"
            },
            {
              "name": "Alt-Svc",
              "value": "quic=\":443\"; ma=2592000; v=\"46,43\",h3-Q050=\":443\"; ma=2592000,h3-Q049=\":443\"; ma=2592000,h3-Q048=\":443\"; ma=2592000,h3-Q046=\":443\"; ma=2592000,h3-Q043=\":443\"; ma=2592000,h3-T050=\":443\"; ma=2592000"
            },
            {
              "name": "X-Goog-Hash",
              "value": "crc32c=vOMu5Q=="
            },
            {
              "name": "X-Goog-Hash",
              "value": "md5=3fv0VXHjk3nCc3znVNrcRw=="
            },
            {
              "name": "X-Goog-Storage-Class",
              "value": "STANDARD"
            },
            {
              "name": "X-Goog-Stored-Content-Encoding",
              "value": "identity"
            },
            {
              "name": "Content-Length",
              "value": "24"
            },
            {
              "name": "Date",
              "value": "Thu, 16 Apr 2020 06:57:50 GMT"
            },
            {
              "name": "Last-Modified",
              "value": "Thu, 03 Oct 2019 08:26:55 GMT"
            }
          ],
          "content": {
            "size": 24,
            "mimeType": "text/plain; charset=utf-8",
            "text": "{\"message\":\"hello fake\"}"
          },
          "redirectURL": "",
          "headersSize": -1,
          "bodySize": 24
        },
        "cache": {},
        "timings": {
          "blocked": -282.077503,
          "dns": 0.847318,
          "connect": 53.894856,
          "send": 0.039339,
          "wait": 332.141602,
          "receive": 0.145936,
          "ssl": 44.384648
        }
      }
    ]
  }
}