{
  "Header": {
    "Accept-Ranges": [
      "bytes"
    ],
    "Age": [
      "123"
    ],
    "Alt-Svc": [
      "quic=\":443\"; ma=2592000; v=\"46,43\",h3-Q046=\":443\"; ma=2592000,h3-Q043=\":443\"; ma=2592000"
    ],
    "Cache-Control": [
      "public, max-age=3600"
    ],
    "Content-Length": [
      "25"
    ],
    "Content-Type": [
      "text/plain"
    ],
    "Date": [
      "Thu, 03 Oct 2019 05:01:42 GMT"
    ],
    "Etag": [
      "\"c4d22707e0d79bd01e33fe19a5e21487\""
    ],
    "Expires": [
      "Thu, 03 Oct 2019 06:01:42 GMT"
    ],
    "Last-Modified": [
      "Mon, 30 Sep 2019 10:01:47 GMT"
    ],
    "Server": [
      "UploadServer"
    ],
    "X-Goog-Generation": [
      "1569837707444808"
    ],
    "X-Goog-Hash": [
      "crc32c=CrEDEg==",
      "md5=xNInB+DXm9AeM/4ZpeIUhw=="
    ],
    "X-Goog-Metageneration": [
      "2"
    ],
    "X-Goog-Storage-Class": [
      "REGIONAL"
    ],
    "X-Goog-Stored-Content-Encoding": [
      "identity"
    ],
    "X-Goog-Stored-Content-Length": [
      "25"
    ],
    "X-Guploader-Uploadid": [
      "AEnB2Uo1cF3mggXnexsDdpXNsnXNuVenv1zSBsW_WTZ8rPDhuMaAjzn9Bfj7O0xi2vXV0-H3taoZ8ZR0wBue-afLLlY11Jm3Ag"
    ]
  },
  "Body": "eyJtZXNzYWdlIjogIkhlbGxvIEhvZ2UifQ=="
}